
> cc-group@0.1.0 build
> react-scripts build

node.exe : 
(node:20948) [DEP0176] 
DeprecationWarning: 
fs.F_OK is deprecated, 
use fs.constants.F_OK 
instead
At line:1 char:1
+ & "C:\Program 
Files\nodejs/node.exe" 
"C:\Program 
Files\nodejs/node_mo 
...
+ ~~~~~~~~~~~~~~~~~~~~~
~~~~~~~~~~~~~~~~~~~~~~~
~~~~~~~~~~~~~~~~~~~~~~~
~~
    + CategoryInfo     
         : NotSpecifi  
  ed: ((node:20948)    
 [D...ts.F_OK inste    
ad:String) [], Rem    
oteException
    + FullyQualifiedEr 
   rorId : NativeComm  
  andError
 
(Use `node 
--trace-deprecation 
...` to show where the 
warning was created)
Creating an optimized production build...
Failed to compile.

[eslint] 
src\dashboards\admin.js
  Line 452:66:   'setActivePopup' is not defined      no-undef
  Line 483:66:   'setActivePopup' is not defined      no-undef
  Line 505:44:   'DeleteVehiclePopup' is not defined  react/jsx-no-undef
  Line 506:79:   'activePopup' is not defined         no-undef
  Line 506:131:  'setActivePopup' is not defined      no-undef

Search for the keywords to learn more about each error.


